INFO:CerlabSpotSDK.10.0.0.3:ptz
INFO:CerlabSpotSDK.10.0.0.3:waiting for time sync...
INFO:CerlabSpotSDK.10.0.0.3:sync established.
INFO:CerlabSpotSDK.10.0.0.3:Checking for stale keepalive policies...
INFO:CerlabSpotSDK.10.0.0.3:Removing 2 stale keepalive policies
INFO:CerlabSpotSDK.10.0.0.3:Stale keepalive policies cleared
INFO:CerlabSpotSDK.10.0.0.3:Acquiring lease...
INFO:root:Starting lease check-in
INFO:CerlabSpotSDK.10.0.0.3:Setting up clients...
INFO:CerlabSpotSDK.10.0.0.3:Ready to power on robot.
INFO:CerlabSpotSDK.10.0.0.3:Powering on robot... This may take several seconds.
ERROR:root:Hello, Spot! threw an exception: KeepaliveMotorsOffError()
DEBUG:matplotlib:matplotlib data path: /usr/local/lib/python3.8/dist-packages/matplotlib/mpl-data
DEBUG:matplotlib:CONFIGDIR=/root/.config/matplotlib
DEBUG:matplotlib:interactive is False
DEBUG:matplotlib:platform is linux
DEBUG:matplotlib:CACHEDIR=/root/.cache/matplotlib
DEBUG:matplotlib.font_manager:Using fontManager instance from /root/.cache/matplotlib/fontlist-v330.json
DEBUG:hydra.core.utils:Setting JobRuntime:name=UNKNOWN_NAME
DEBUG:hydra.core.utils:Setting JobRuntime:name=app
INFO:CerlabSpotSDK.10.0.0.3:ptz
INFO:CerlabSpotSDK.10.0.0.3:waiting for time sync...
INFO:CerlabSpotSDK.10.0.0.3:sync established.
INFO:CerlabSpotSDK.10.0.0.3:Checking for stale keepalive policies...
INFO:CerlabSpotSDK.10.0.0.3:Removing 4 stale keepalive policies
INFO:CerlabSpotSDK.10.0.0.3:Stale keepalive policies cleared
INFO:CerlabSpotSDK.10.0.0.3:Acquiring lease...
INFO:root:Starting lease check-in
INFO:CerlabSpotSDK.10.0.0.3:Setting up clients...
INFO:CerlabSpotSDK.10.0.0.3:Ready to power on robot.
INFO:CerlabSpotSDK.10.0.0.3:Powering on robot... This may take several seconds.
INFO:CerlabSpotSDK.10.0.0.3:Robot powered on.
INFO:CerlabSpotSDK.10.0.0.3:ptz
INFO:CerlabSpotSDK.10.0.0.3:waiting for time sync...
INFO:CerlabSpotSDK.10.0.0.3:sync established.
INFO:CerlabSpotSDK.10.0.0.3:Checking for stale keepalive policies...
INFO:CerlabSpotSDK.10.0.0.3:No stale keepalive policies found
INFO:CerlabSpotSDK.10.0.0.3:Acquiring lease...
INFO:root:Starting lease check-in
INFO:CerlabSpotSDK.10.0.0.3:Setting up clients...
INFO:CerlabSpotSDK.10.0.0.3:Ready to power on robot.
INFO:CerlabSpotSDK.10.0.0.3:Powering on robot... This may take several seconds.
INFO:CerlabSpotSDK.10.0.0.3:Robot powered on.
INFO:CerlabSpotSDK.10.0.0.3:ptz
INFO:CerlabSpotSDK.10.0.0.3:waiting for time sync...
INFO:CerlabSpotSDK.10.0.0.3:sync established.
INFO:CerlabSpotSDK.10.0.0.3:Checking for stale keepalive policies...
INFO:CerlabSpotSDK.10.0.0.3:Removing 4 stale keepalive policies
INFO:CerlabSpotSDK.10.0.0.3:Stale keepalive policies cleared
INFO:CerlabSpotSDK.10.0.0.3:Acquiring lease...
INFO:root:Starting lease check-in
INFO:CerlabSpotSDK.10.0.0.3:Setting up clients...
INFO:CerlabSpotSDK.10.0.0.3:Ready to power on robot.
INFO:CerlabSpotSDK.10.0.0.3:Powering on robot... This may take several seconds.
INFO:CerlabSpotSDK.10.0.0.3:Robot powered on.
INFO:CerlabSpotSDK.10.0.0.3:ptz
INFO:CerlabSpotSDK.10.0.0.3:waiting for time sync...
INFO:CerlabSpotSDK.10.0.0.3:sync established.
INFO:CerlabSpotSDK.10.0.0.3:Checking for stale keepalive policies...
INFO:CerlabSpotSDK.10.0.0.3:Removing 1 stale keepalive policies
INFO:CerlabSpotSDK.10.0.0.3:Stale keepalive policies cleared
INFO:CerlabSpotSDK.10.0.0.3:Acquiring lease...
INFO:root:Starting lease check-in
INFO:CerlabSpotSDK.10.0.0.3:Setting up clients...
INFO:CerlabSpotSDK.10.0.0.3:Ready to power on robot.
INFO:CerlabSpotSDK.10.0.0.3:Powering on robot... This may take several seconds.
INFO:CerlabSpotSDK.10.0.0.3:Robot powered on.
INFO:CerlabSpotSDK.10.0.0.3:ptz
INFO:CerlabSpotSDK.10.0.0.3:waiting for time sync...
INFO:CerlabSpotSDK.10.0.0.3:sync established.
INFO:CerlabSpotSDK.10.0.0.3:Checking for stale keepalive policies...
INFO:CerlabSpotSDK.10.0.0.3:Removing 4 stale keepalive policies
INFO:CerlabSpotSDK.10.0.0.3:Stale keepalive policies cleared
INFO:CerlabSpotSDK.10.0.0.3:Acquiring lease...
INFO:root:Starting lease check-in
INFO:CerlabSpotSDK.10.0.0.3:Setting up clients...
INFO:CerlabSpotSDK.10.0.0.3:Ready to power on robot.
INFO:CerlabSpotSDK.10.0.0.3:Powering on robot... This may take several seconds.
INFO:CerlabSpotSDK.10.0.0.3:Robot powered on.
INFO:CerlabSpotSDK.10.0.0.3:ptz
INFO:CerlabSpotSDK.10.0.0.3:waiting for time sync...
INFO:CerlabSpotSDK.10.0.0.3:sync established.
INFO:CerlabSpotSDK.10.0.0.3:Checking for stale keepalive policies...
INFO:CerlabSpotSDK.10.0.0.3:Removing 4 stale keepalive policies
INFO:CerlabSpotSDK.10.0.0.3:Stale keepalive policies cleared
INFO:CerlabSpotSDK.10.0.0.3:Acquiring lease...
INFO:root:Starting lease check-in
INFO:CerlabSpotSDK.10.0.0.3:Setting up clients...
INFO:CerlabSpotSDK.10.0.0.3:Ready to power on robot.
INFO:CerlabSpotSDK.10.0.0.3:Powering on robot... This may take several seconds.
INFO:CerlabSpotSDK.10.0.0.3:Robot powered on.
INFO:CerlabSpotSDK.10.0.0.3:ptz
INFO:CerlabSpotSDK.10.0.0.3:waiting for time sync...
INFO:CerlabSpotSDK.10.0.0.3:sync established.
INFO:CerlabSpotSDK.10.0.0.3:Checking for stale keepalive policies...
INFO:CerlabSpotSDK.10.0.0.3:Removing 4 stale keepalive policies
INFO:CerlabSpotSDK.10.0.0.3:Stale keepalive policies cleared
INFO:CerlabSpotSDK.10.0.0.3:Acquiring lease...
ERROR:root:Hello, Spot! threw an exception: ResourceAlreadyClaimedError()
INFO:CerlabSpotSDK.10.0.0.3:ptz
INFO:CerlabSpotSDK.10.0.0.3:waiting for time sync...
INFO:CerlabSpotSDK.10.0.0.3:sync established.
INFO:CerlabSpotSDK.10.0.0.3:Checking for stale keepalive policies...
INFO:CerlabSpotSDK.10.0.0.3:No stale keepalive policies found
INFO:CerlabSpotSDK.10.0.0.3:Acquiring lease...
INFO:root:Starting lease check-in
INFO:CerlabSpotSDK.10.0.0.3:Setting up clients...
INFO:CerlabSpotSDK.10.0.0.3:Ready to power on robot.
INFO:CerlabSpotSDK.10.0.0.3:Powering on robot... This may take several seconds.
INFO:CerlabSpotSDK.10.0.0.3:Robot powered on.
INFO:CerlabSpotSDK.10.0.0.3:ptz
INFO:CerlabSpotSDK.10.0.0.3:waiting for time sync...
INFO:CerlabSpotSDK.10.0.0.3:sync established.
INFO:CerlabSpotSDK.10.0.0.3:Checking for stale keepalive policies...
INFO:CerlabSpotSDK.10.0.0.3:Removing 4 stale keepalive policies
INFO:CerlabSpotSDK.10.0.0.3:Stale keepalive policies cleared
INFO:CerlabSpotSDK.10.0.0.3:Acquiring lease...
INFO:root:Starting lease check-in
INFO:CerlabSpotSDK.10.0.0.3:Setting up clients...
INFO:CerlabSpotSDK.10.0.0.3:Ready to power on robot.
INFO:CerlabSpotSDK.10.0.0.3:Powering on robot... This may take several seconds.
INFO:CerlabSpotSDK.10.0.0.3:Robot powered on.
INFO:CerlabSpotSDK.10.0.0.3:ptz
INFO:CerlabSpotSDK.10.0.0.3:waiting for time sync...
INFO:CerlabSpotSDK.10.0.0.3:sync established.
INFO:CerlabSpotSDK.10.0.0.3:Checking for stale keepalive policies...
INFO:CerlabSpotSDK.10.0.0.3:Removing 4 stale keepalive policies
INFO:CerlabSpotSDK.10.0.0.3:Stale keepalive policies cleared
INFO:CerlabSpotSDK.10.0.0.3:Acquiring lease...
ERROR:root:Hello, Spot! threw an exception: ResourceAlreadyClaimedError()
INFO:CerlabSpotSDK.10.0.0.3:ptz
INFO:CerlabSpotSDK.10.0.0.3:waiting for time sync...
INFO:CerlabSpotSDK.10.0.0.3:sync established.
INFO:CerlabSpotSDK.10.0.0.3:Checking for stale keepalive policies...
INFO:CerlabSpotSDK.10.0.0.3:No stale keepalive policies found
INFO:CerlabSpotSDK.10.0.0.3:Acquiring lease...
INFO:root:Starting lease check-in
INFO:CerlabSpotSDK.10.0.0.3:Setting up clients...
INFO:CerlabSpotSDK.10.0.0.3:Ready to power on robot.
INFO:CerlabSpotSDK.10.0.0.3:Powering on robot... This may take several seconds.
INFO:CerlabSpotSDK.10.0.0.3:Robot powered on.
INFO:CerlabSpotSDK.10.0.0.3:ptz
INFO:CerlabSpotSDK.10.0.0.3:waiting for time sync...
INFO:CerlabSpotSDK.10.0.0.3:sync established.
INFO:CerlabSpotSDK.10.0.0.3:Checking for stale keepalive policies...
INFO:CerlabSpotSDK.10.0.0.3:Removing 4 stale keepalive policies
INFO:CerlabSpotSDK.10.0.0.3:Stale keepalive policies cleared
INFO:CerlabSpotSDK.10.0.0.3:Acquiring lease...
INFO:root:Starting lease check-in
INFO:CerlabSpotSDK.10.0.0.3:Setting up clients...
INFO:CerlabSpotSDK.10.0.0.3:Ready to power on robot.
INFO:CerlabSpotSDK.10.0.0.3:Powering on robot... This may take several seconds.
INFO:CerlabSpotSDK.10.0.0.3:Robot powered on.
INFO:CerlabSpotSDK.10.0.0.3:ptz
INFO:CerlabSpotSDK.10.0.0.3:waiting for time sync...
INFO:CerlabSpotSDK.10.0.0.3:sync established.
INFO:CerlabSpotSDK.10.0.0.3:Checking for stale keepalive policies...
INFO:CerlabSpotSDK.10.0.0.3:Removing 4 stale keepalive policies
INFO:CerlabSpotSDK.10.0.0.3:Stale keepalive policies cleared
INFO:CerlabSpotSDK.10.0.0.3:Acquiring lease...
INFO:root:Starting lease check-in
INFO:CerlabSpotSDK.10.0.0.3:Setting up clients...
INFO:CerlabSpotSDK.10.0.0.3:Ready to power on robot.
INFO:CerlabSpotSDK.10.0.0.3:Powering on robot... This may take several seconds.
INFO:CerlabSpotSDK.10.0.0.3:Robot powered on.
INFO:CerlabSpotSDK.10.0.0.3:ptz
INFO:CerlabSpotSDK.10.0.0.3:waiting for time sync...
INFO:CerlabSpotSDK.10.0.0.3:sync established.
INFO:CerlabSpotSDK.10.0.0.3:Checking for stale keepalive policies...
INFO:CerlabSpotSDK.10.0.0.3:Removing 4 stale keepalive policies
INFO:CerlabSpotSDK.10.0.0.3:Stale keepalive policies cleared
INFO:CerlabSpotSDK.10.0.0.3:Acquiring lease...
INFO:root:Starting lease check-in
INFO:CerlabSpotSDK.10.0.0.3:Setting up clients...
INFO:CerlabSpotSDK.10.0.0.3:Ready to power on robot.
INFO:CerlabSpotSDK.10.0.0.3:Powering on robot... This may take several seconds.
INFO:CerlabSpotSDK.10.0.0.3:Robot powered on.
INFO:CerlabSpotSDK.10.0.0.3:ptz
INFO:CerlabSpotSDK.10.0.0.3:waiting for time sync...
INFO:CerlabSpotSDK.10.0.0.3:sync established.
INFO:CerlabSpotSDK.10.0.0.3:Checking for stale keepalive policies...
INFO:CerlabSpotSDK.10.0.0.3:Removing 4 stale keepalive policies
INFO:CerlabSpotSDK.10.0.0.3:Stale keepalive policies cleared
INFO:CerlabSpotSDK.10.0.0.3:Acquiring lease...
INFO:root:Starting lease check-in
INFO:CerlabSpotSDK.10.0.0.3:Setting up clients...
INFO:CerlabSpotSDK.10.0.0.3:Ready to power on robot.
INFO:CerlabSpotSDK.10.0.0.3:Powering on robot... This may take several seconds.
INFO:CerlabSpotSDK.10.0.0.3:Robot powered on.
INFO:CerlabSpotSDK.10.0.0.3:ptz
INFO:CerlabSpotSDK.10.0.0.3:waiting for time sync...
INFO:CerlabSpotSDK.10.0.0.3:sync established.
INFO:CerlabSpotSDK.10.0.0.3:Checking for stale keepalive policies...
INFO:CerlabSpotSDK.10.0.0.3:Removing 4 stale keepalive policies
INFO:CerlabSpotSDK.10.0.0.3:Stale keepalive policies cleared
INFO:CerlabSpotSDK.10.0.0.3:Acquiring lease...
INFO:root:Starting lease check-in
INFO:CerlabSpotSDK.10.0.0.3:Setting up clients...
INFO:CerlabSpotSDK.10.0.0.3:Ready to power on robot.
INFO:CerlabSpotSDK.10.0.0.3:Powering on robot... This may take several seconds.
INFO:CerlabSpotSDK.10.0.0.3:Robot powered on.
INFO:CerlabSpotSDK.10.0.0.3:ptz
INFO:CerlabSpotSDK.10.0.0.3:waiting for time sync...
INFO:CerlabSpotSDK.10.0.0.3:sync established.
INFO:CerlabSpotSDK.10.0.0.3:Checking for stale keepalive policies...
INFO:CerlabSpotSDK.10.0.0.3:Removing 4 stale keepalive policies
INFO:CerlabSpotSDK.10.0.0.3:Stale keepalive policies cleared
INFO:CerlabSpotSDK.10.0.0.3:Acquiring lease...
INFO:root:Starting lease check-in
INFO:CerlabSpotSDK.10.0.0.3:Setting up clients...
INFO:CerlabSpotSDK.10.0.0.3:Ready to power on robot.
INFO:CerlabSpotSDK.10.0.0.3:Powering on robot... This may take several seconds.
INFO:CerlabSpotSDK.10.0.0.3:Robot powered on.
INFO:CerlabSpotSDK.10.0.0.3:ptz
INFO:CerlabSpotSDK.10.0.0.3:waiting for time sync...
INFO:CerlabSpotSDK.10.0.0.3:sync established.
INFO:CerlabSpotSDK.10.0.0.3:Checking for stale keepalive policies...
INFO:CerlabSpotSDK.10.0.0.3:Removing 4 stale keepalive policies
INFO:CerlabSpotSDK.10.0.0.3:Stale keepalive policies cleared
INFO:CerlabSpotSDK.10.0.0.3:Acquiring lease...
INFO:root:Starting lease check-in
INFO:CerlabSpotSDK.10.0.0.3:Setting up clients...
INFO:CerlabSpotSDK.10.0.0.3:Ready to power on robot.
INFO:CerlabSpotSDK.10.0.0.3:Powering on robot... This may take several seconds.
INFO:CerlabSpotSDK.10.0.0.3:Robot powered on.
INFO:CerlabSpotSDK.10.0.0.3:ptz
INFO:CerlabSpotSDK.10.0.0.3:waiting for time sync...
INFO:CerlabSpotSDK.10.0.0.3:sync established.
INFO:CerlabSpotSDK.10.0.0.3:Checking for stale keepalive policies...
INFO:CerlabSpotSDK.10.0.0.3:Removing 4 stale keepalive policies
INFO:CerlabSpotSDK.10.0.0.3:Stale keepalive policies cleared
INFO:CerlabSpotSDK.10.0.0.3:Acquiring lease...
INFO:root:Starting lease check-in
INFO:CerlabSpotSDK.10.0.0.3:Setting up clients...
INFO:CerlabSpotSDK.10.0.0.3:Ready to power on robot.
INFO:CerlabSpotSDK.10.0.0.3:Powering on robot... This may take several seconds.
INFO:CerlabSpotSDK.10.0.0.3:Robot powered on.
INFO:CerlabSpotSDK.10.0.0.3:ptz
INFO:CerlabSpotSDK.10.0.0.3:waiting for time sync...
INFO:CerlabSpotSDK.10.0.0.3:sync established.
INFO:CerlabSpotSDK.10.0.0.3:Checking for stale keepalive policies...
INFO:CerlabSpotSDK.10.0.0.3:Removing 4 stale keepalive policies
INFO:CerlabSpotSDK.10.0.0.3:Stale keepalive policies cleared
INFO:CerlabSpotSDK.10.0.0.3:Acquiring lease...
INFO:root:Starting lease check-in
INFO:CerlabSpotSDK.10.0.0.3:Setting up clients...
INFO:CerlabSpotSDK.10.0.0.3:Ready to power on robot.
INFO:CerlabSpotSDK.10.0.0.3:Powering on robot... This may take several seconds.
INFO:CerlabSpotSDK.10.0.0.3:Robot powered on.
DEBUG:matplotlib:matplotlib data path: /usr/local/lib/python3.8/dist-packages/matplotlib/mpl-data
DEBUG:matplotlib:CONFIGDIR=/root/.config/matplotlib
DEBUG:matplotlib:interactive is False
DEBUG:matplotlib:platform is linux
DEBUG:matplotlib:CACHEDIR=/root/.cache/matplotlib
DEBUG:matplotlib.font_manager:Using fontManager instance from /root/.cache/matplotlib/fontlist-v330.json
DEBUG:hydra.core.utils:Setting JobRuntime:name=UNKNOWN_NAME
DEBUG:hydra.core.utils:Setting JobRuntime:name=app
INFO:CerlabSpotSDK.10.0.0.3:ptz
INFO:CerlabSpotSDK.10.0.0.3:waiting for time sync...
INFO:CerlabSpotSDK.10.0.0.3:sync established.
INFO:CerlabSpotSDK.10.0.0.3:Checking for stale keepalive policies...
INFO:CerlabSpotSDK.10.0.0.3:Removing 4 stale keepalive policies
INFO:CerlabSpotSDK.10.0.0.3:Stale keepalive policies cleared
INFO:CerlabSpotSDK.10.0.0.3:Acquiring lease...
INFO:root:Starting lease check-in
INFO:CerlabSpotSDK.10.0.0.3:Setting up clients...
INFO:CerlabSpotSDK.10.0.0.3:Ready to power on robot.
INFO:CerlabSpotSDK.10.0.0.3:Powering on robot... This may take several seconds.
INFO:CerlabSpotSDK.10.0.0.3:Robot powered on.
